exports[`CardCatalog snapshot should always match the snapshot 1`] = `
ShallowWrapper {
  "length": 1,
  Symbol(enzyme.__root__): [Circular],
  Symbol(enzyme.__unrendered__): <Aside />,
  Symbol(enzyme.__renderer__): Object {
    "batchedUpdates": [Function],
    "getNode": [Function],
    "render": [Function],
    "simulateEvent": [Function],
    "unmount": [Function],
  },
  Symbol(enzyme.__node__): Object {
    "instance": null,
    "key": undefined,
    "nodeType": "host",
    "props": Object {
      "children": Array [
        <NavLink
          activeClassName="active"
          ariaCurrent="true"
          className="side-nav"
          to="/admin/messages">
          Messages
</NavLink>,
        <NavLink
          activeClassName="active"
          ariaCurrent="true"
          className="side-nav"
          to="/admin/properties">
          Properties
</NavLink>,
        <NavLink
          activeClassName="active"
          ariaCurrent="true"
          className="side-nav"
          to="/admin/create-invoice">
          Invoices
</NavLink>,
      ],
      "className": "aside",
    },
    "ref": null,
    "rendered": Array [
      Object {
        "instance": null,
        "key": undefined,
        "nodeType": "function",
        "props": Object {
          "activeClassName": "active",
          "ariaCurrent": "true",
          "children": "Messages",
          "className": "side-nav",
          "to": "/admin/messages",
        },
        "ref": null,
        "rendered": "Messages",
        "type": [Function],
      },
      Object {
        "instance": null,
        "key": undefined,
        "nodeType": "function",
        "props": Object {
          "activeClassName": "active",
          "ariaCurrent": "true",
          "children": "Properties",
          "className": "side-nav",
          "to": "/admin/properties",
        },
        "ref": null,
        "rendered": "Properties",
        "type": [Function],
      },
      Object {
        "instance": null,
        "key": undefined,
        "nodeType": "function",
        "props": Object {
          "activeClassName": "active",
          "ariaCurrent": "true",
          "children": "Invoices",
          "className": "side-nav",
          "to": "/admin/create-invoice",
        },
        "ref": null,
        "rendered": "Invoices",
        "type": [Function],
      },
    ],
    "type": "aside",
  },
  Symbol(enzyme.__nodes__): Array [
    Object {
      "instance": null,
      "key": undefined,
      "nodeType": "host",
      "props": Object {
        "children": Array [
          <NavLink
            activeClassName="active"
            ariaCurrent="true"
            className="side-nav"
            to="/admin/messages">
            Messages
</NavLink>,
          <NavLink
            activeClassName="active"
            ariaCurrent="true"
            className="side-nav"
            to="/admin/properties">
            Properties
</NavLink>,
          <NavLink
            activeClassName="active"
            ariaCurrent="true"
            className="side-nav"
            to="/admin/create-invoice">
            Invoices
</NavLink>,
        ],
        "className": "aside",
      },
      "ref": null,
      "rendered": Array [
        Object {
          "instance": null,
          "key": undefined,
          "nodeType": "function",
          "props": Object {
            "activeClassName": "active",
            "ariaCurrent": "true",
            "children": "Messages",
            "className": "side-nav",
            "to": "/admin/messages",
          },
          "ref": null,
          "rendered": "Messages",
          "type": [Function],
        },
        Object {
          "instance": null,
          "key": undefined,
          "nodeType": "function",
          "props": Object {
            "activeClassName": "active",
            "ariaCurrent": "true",
            "children": "Properties",
            "className": "side-nav",
            "to": "/admin/properties",
          },
          "ref": null,
          "rendered": "Properties",
          "type": [Function],
        },
        Object {
          "instance": null,
          "key": undefined,
          "nodeType": "function",
          "props": Object {
            "activeClassName": "active",
            "ariaCurrent": "true",
            "children": "Invoices",
            "className": "side-nav",
            "to": "/admin/create-invoice",
          },
          "ref": null,
          "rendered": "Invoices",
          "type": [Function],
        },
      ],
      "type": "aside",
    },
  ],
  Symbol(enzyme.__options__): Object {
    "adapter": ReactFifteenAdapter {
      "options": Object {
        "supportPrevContextArgumentOfComponentDidUpdate": true,
      },
    },
  },
}
`;
