exports[`CardCatalog snapshot should always match the snapshot 1`] = `
ShallowWrapper {
  "length": 1,
  Symbol(enzyme.__root__): [Circular],
  Symbol(enzyme.__unrendered__): <Header />,
  Symbol(enzyme.__renderer__): Object {
    "batchedUpdates": [Function],
    "getNode": [Function],
    "render": [Function],
    "simulateEvent": [Function],
    "unmount": [Function],
  },
  Symbol(enzyme.__node__): Object {
    "instance": null,
    "key": undefined,
    "nodeType": "host",
    "props": Object {
      "children": <div>
        <h1>
                HOME TENDING
        </h1>
        <div
                className="log-in-div">
                <Link
                        className="log-in"
                        replace={false}
                        to="/admin/messages">
                        Log In 
                </Link>
        </div>
</div>,
      "className": "header",
    },
    "ref": null,
    "rendered": Object {
      "instance": null,
      "key": undefined,
      "nodeType": "host",
      "props": Object {
        "children": Array [
          <h1>
            HOME TENDING
</h1>,
          <div
            className="log-in-div">
            <Link
                        className="log-in"
                        replace={false}
                        to="/admin/messages">
                        Log In 
            </Link>
</div>,
        ],
      },
      "ref": null,
      "rendered": Array [
        Object {
          "instance": null,
          "key": undefined,
          "nodeType": "host",
          "props": Object {
            "children": "HOME TENDING",
          },
          "ref": null,
          "rendered": "HOME TENDING",
          "type": "h1",
        },
        Object {
          "instance": null,
          "key": undefined,
          "nodeType": "host",
          "props": Object {
            "children": <Link
              className="log-in"
              replace={false}
              to="/admin/messages">
              Log In 
</Link>,
            "className": "log-in-div",
          },
          "ref": null,
          "rendered": Object {
            "instance": null,
            "key": undefined,
            "nodeType": "class",
            "props": Object {
              "children": "Log In ",
              "className": "log-in",
              "replace": false,
              "to": "/admin/messages",
            },
            "ref": null,
            "rendered": "Log In ",
            "type": [Function],
          },
          "type": "div",
        },
      ],
      "type": "div",
    },
    "type": "header",
  },
  Symbol(enzyme.__nodes__): Array [
    Object {
      "instance": null,
      "key": undefined,
      "nodeType": "host",
      "props": Object {
        "children": <div>
          <h1>
                    HOME TENDING
          </h1>
          <div
                    className="log-in-div">
                    <Link
                              className="log-in"
                              replace={false}
                              to="/admin/messages">
                              Log In 
                    </Link>
          </div>
</div>,
        "className": "header",
      },
      "ref": null,
      "rendered": Object {
        "instance": null,
        "key": undefined,
        "nodeType": "host",
        "props": Object {
          "children": Array [
            <h1>
              HOME TENDING
</h1>,
            <div
              className="log-in-div">
              <Link
                            className="log-in"
                            replace={false}
                            to="/admin/messages">
                            Log In 
              </Link>
</div>,
          ],
        },
        "ref": null,
        "rendered": Array [
          Object {
            "instance": null,
            "key": undefined,
            "nodeType": "host",
            "props": Object {
              "children": "HOME TENDING",
            },
            "ref": null,
            "rendered": "HOME TENDING",
            "type": "h1",
          },
          Object {
            "instance": null,
            "key": undefined,
            "nodeType": "host",
            "props": Object {
              "children": <Link
                className="log-in"
                replace={false}
                to="/admin/messages">
                Log In 
</Link>,
              "className": "log-in-div",
            },
            "ref": null,
            "rendered": Object {
              "instance": null,
              "key": undefined,
              "nodeType": "class",
              "props": Object {
                "children": "Log In ",
                "className": "log-in",
                "replace": false,
                "to": "/admin/messages",
              },
              "ref": null,
              "rendered": "Log In ",
              "type": [Function],
            },
            "type": "div",
          },
        ],
        "type": "div",
      },
      "type": "header",
    },
  ],
  Symbol(enzyme.__options__): Object {
    "adapter": ReactFifteenAdapter {
      "options": Object {
        "supportPrevContextArgumentOfComponentDidUpdate": true,
      },
    },
  },
}
`;
